// Vitest Snapshot v1, https://vitest.dev/guide/snapshot.html

exports[`Loads and displays Input component > renders correctly 1`] = `
"<div class="flex flex-col gap-2 text-sm"><label for="my-input">Input label</label>
  <div class="relative text-gray-600">
    <div class="absolute top-1/2 -translate-y-1/2 left-2 pointer-events-none"><svg xmlns="http://www.w3.org/2000/svg" fill="currentColor" viewBox="0 0 16 16" class="w-[14px] h-[14px]">
        <path d="m15.805 14.863-3.98-3.98a6.677 6.677 0 1 0-.942.943l3.979 3.98a.667.667 0 0 0 .943-.943M6.667 12A5.334 5.334 0 1 1 12 6.668 5.34 5.34 0 0 1 6.667 12"></path>
      </svg></div><input id="my-input" name="my-input" class="w-full min-h-[40px] pr-2 py-2 placeholder:text-gray-100 enabled:focus:outline-blue-400 rounded bg-white disabled:opacity-50 border border-gray-400 pl-8">
  </div>
</div>"
`;
